
> portale-polizia-locale-altamura@0.1.0 build
> prisma generate && next build

Environment variables loaded from .env
Prisma schema loaded from prisma\schema.prisma

Ô£ö Generated Prisma Client (v6.4.1) to .\node_modules\@prisma\client in 322ms

Start by importing your Prisma Client (See: https://pris.ly/d/importing-client)

Tip: Want to turn off tips and other hints? https://pris.ly/tip-4-nohints

Ôû▓ Next.js 16.2.0 (Turbopack)
- Environments: .env.production.local, .env

  Creating an optimized production build ...
node.exe : 
In D:\Program Files\nodejs\npm.ps1:29 car:3
+   & $NODE_EXE $NPM_CLI_JS $args
+   ~~~~~~~~~~~~~~~~~~~~~~~~~~~~~
    + CategoryInfo          : NotSpecified: (:String) [], RemoteException
    + FullyQualifiedErrorId : NativeCommandError
 
> Build error occurred
Error: Turbopack build failed with 2 errors:
./src/app/[tenantSlug]/admin/bacheca-scambi/SwapBoardClient.tsx:188:87
Unexpected token. Did you mean `{'>'}` or `&gt;`?
  [90m186 |[0m ...[32mx items-center gap-4 flex-wrap"[0m>
  [90m187 |[0m ...[32mtext-sm font-bold text-slate-700 font-sans 
tracking-tight"[0m>{swap.requester.name}</span>
[31m[1m>[0m [90m188 |[0m ...[32mtext-slate-300 font-black 
tracking-widest"[0m>>></span>
  [90m    |[0m                                               
[31m[1m^[0m
  [90m189 |[0m ...[32mtext-sm font-bold text-slate-500 font-sans"[0m>
  [90m190 |[0m ...caleDateString([32m"it-IT"[0m, { day: 
[32m"2-digit"[0m, month: [32m"short"[0m })}
  [90m191 |[0m ...

Parsing ecmascript source code failed

Import trace:
  Server Component:
    ./src/app/[tenantSlug]/admin/bacheca-scambi/SwapBoardClient.tsx
    ./src/app/[tenantSlug]/admin/bacheca-scambi/page.tsx


./src/app/[tenantSlug]/admin/bacheca-scambi/SwapBoardClient.tsx:188:88
Unexpected token. Did you mean `{'>'}` or `&gt;`?
  [90m186 |[0m ...[32m items-center gap-4 flex-wrap"[0m>
  [90m187 |[0m ...[32mext-sm font-bold text-slate-700 font-sans 
tracking-tight"[0m>{swap.requester.name}</span>
[31m[1m>[0m [90m188 |[0m ...[32mext-slate-300 font-black 
tracking-widest"[0m>>></span>
  [90m    |[0m                                               
[31m[1m^[0m
  [90m189 |[0m ...[32mext-sm font-bold text-slate-500 font-sans"[0m>
  [90m190 |[0m ...aleDateString([32m"it-IT"[0m, { day: 
[32m"2-digit"[0m, month: [32m"short"[0m })}
  [90m191 |[0m ...

Parsing ecmascript source code failed

Import trace:
  Server Component:
    ./src/app/[tenantSlug]/admin/bacheca-scambi/SwapBoardClient.tsx
    ./src/app/[tenantSlug]/admin/bacheca-scambi/page.tsx


    at <unknown> 
(./src/app/[tenantSlug]/admin/bacheca-scambi/SwapBoardClient.tsx:188:87)
    at <unknown> 
(./src/app/[tenantSlug]/admin/bacheca-scambi/SwapBoardClient.tsx:188:88)
