
> portale-polizia-locale-altamura@0.1.0 build
> prisma generate && next build --webpack

Environment variables loaded from .env
Prisma schema loaded from prisma\schema.prisma

Ô£ö Generated Prisma Client (v6.4.1) to .\node_modules\@prisma\client in 364ms

Start by importing your Prisma Client (See: https://pris.ly/d/importing-client)

Tip: Need your database queries to be 1000x faster? Accelerate offers you that and more: https://pris.ly/tip-2-accelerate

Ôû▓ Next.js 16.2.0 (webpack)
- Environments: .env.production.local, .env

  Creating an optimized production build ...
 Ô£ô (pwa) Compiling for server...
 Ô£ô (pwa) Compiling for server...
 Ô£ô (pwa) Compiling for client (static)...
 Ôùï (pwa) Service worker: C:\Users\dibenedettom\Desktop\portale-caserma\public\sw.js
 Ôùï (pwa)   URL: /sw.js
 Ôùï (pwa)   Scope: /
 Ô£ô (pwa) Found a custom worker implementation at C:\Users\dibenedettom\Desktop\portale-caserma\worker\index.ts.
 Ô£ô (pwa) Building the custom worker to C:\Users\dibenedettom\Desktop\portale-caserma\public\worker-d2b5c171b750663c.js...
Ô£ô Compiled successfully in 23.8s
  Running TypeScript ...
node.exe : Failed to type check.
In D:\Program Files\nodejs\npm.ps1:29 car:3
+   & $NODE_EXE $NPM_CLI_JS $args
+   ~~~~~~~~~~~~~~~~~~~~~~~~~~~~~
    + CategoryInfo          : NotSpecified: (Failed to type check.:String) [], RemoteException
    + FullyQualifiedErrorId : NativeCommandError
 

./src/app/api/shifts/swap/[id]/route.ts:47:18
Type error: Type 'string | null' is not assignable to type 'string | StringFilter<"Shift"> | undefined'.
  Type 'null' is not assignable to type 'string | StringFilter<"Shift"> | undefined'.

  [90m45 |[0m       [90m// Verifichiamo se il destinatario ha gi├á un turno base in quella data[0m
  [90m46 |[0m       [36mconst[0m targetUserShift = [36mawait[0m prisma.shift.findFirst({
[31m[1m>[0m [90m47 |[0m         where: { userId: swapRequest.targetUserId, date: originalShift.date }
  [90m   |[0m                  [31m[1m^[0m
  [90m48 |[0m       });
  [90m49 |[0m
  [90m50 |[0m       [90m// Eseguiamo le operazioni in transazione per sicurezza[0m
Next.js build worker exited with code: 1 and signal: null
